<html>
<body>
<pre>
<h1>µVision Build Log</h1>
<h2>Project:</h2>
N:\GitProjects\Git\MineField\src\MinefieldGame.uvproj
Project File Date:  06/30/2018

<h2>Output:</h2>
compiling main.c...
main.c(49): warning:  #61-D: integer operation result is out of range
main.c(71): warning:  #186-D: pointless comparison of unsigned integer with zero
main.c(75): warning:  #61-D: integer operation result is out of range
main.c(109): warning:  #1-D: last line of file ends without a newline
main.c(31): warning:  #177-D: variable "map" was declared but never referenced
main.c - 0 Error(s), 5 Warning(s).
Build target 'Target 1'
compiling ece_spi.c...
ece_spi.c(6): error:  #5: cannot open source input file "ECE_SPI.h": No such file or directory
compiling GLCD_Scroll.c...
compiling GLCD_SPI_LPC1700.c...
compiling led.c...
compiling Retarget.c...
compiling uart.c...
Target not created
Build target 'Target 1'
compiling ece_spi.c...
linking...
Program Size: Code=5276 RO-data=6548 RW-data=44 ZI-data=8324  
"MinefieldGame.axf" - 0 Error(s), 0 Warning(s).
Load "N:\\GitProjects\\Git\\MineField\\src\\MinefieldGame.AXF" 
Erase Done.
Programming Done.
Verify OK.
Load "N:\\GitProjects\\Git\\MineField\\src\\MinefieldGame.AXF" 
Erase Done.
Programming Done.
Verify OK.
Build target 'Target 1'
compiling main.c...
main.c(44): warning:  #61-D: integer operation result is out of range
main.c(73): error:  #20: identifier "BIT23" is undefined
main.c(76): error:  #20: identifier "BIT24" is undefined
main.c(79): error:  #20: identifier "BIT25" is undefined
main.c(82): error:  #20: identifier "BIT26" is undefined
main.c(89): error:  #20: identifier "BIT20" is undefined
main.c(131): warning:  #186-D: pointless comparison of unsigned integer with zero
main.c(135): warning:  #61-D: integer operation result is out of range
main.c(166): warning:  #1-D: last line of file ends without a newline
main.c(160): warning:  #177-D: variable "i" was declared but never referenced
Target not created
Build target 'Target 1'
compiling main.c...
main.c(44): warning:  #61-D: integer operation result is out of range
main.c(131): warning:  #186-D: pointless comparison of unsigned integer with zero
main.c(135): warning:  #61-D: integer operation result is out of range
main.c(166): warning:  #1-D: last line of file ends without a newline
main.c(160): warning:  #177-D: variable "i" was declared but never referenced
linking...
Program Size: Code=5342 RO-data=6630 RW-data=44 ZI-data=8324  
"MinefieldGame.axf" - 0 Error(s), 5 Warning(s).
Load "N:\\GitProjects\\Git\\MineField\\src\\MinefieldGame.AXF" 
Erase Done.
Programming Done.
Verify OK.
Build target 'Target 1'
compiling GLCD_SPI_LPC1700.c...
compiling main.c...
main.c(50): error:  #20: identifier "BIT28" is undefined
main.c(50): error:  #20: identifier "BIT29" is undefined
main.c(50): warning:  #61-D: integer operation result is out of range
main.c(75): warning:  #177-D: variable "tankX" was declared but never referenced
main.c(75): warning:  #177-D: variable "tankY" was declared but never referenced
main.c(138): warning:  #186-D: pointless comparison of unsigned integer with zero
main.c(142): error:  #20: identifier "BIT28" is undefined
main.c(142): error:  #20: identifier "BIT29" is undefined
main.c(142): warning:  #61-D: integer operation result is out of range
main.c(173): warning:  #1-D: last line of file ends without a newline
main.c(167): warning:  #177-D: variable "i" was declared but never referenced
Target not created
Rebuild target 'Target 1'
assembling startup_LPC17xx.s...
compiling system_LPC17xx.c...
compiling ece_spi.c...
compiling GLCD_Scroll.c...
compiling GLCD_SPI_LPC1700.c...
compiling led.c...
compiling Retarget.c...
compiling RTX_config.c...
compiling uart.c...
compiling main.c...
main.c(50): error:  #20: identifier "BIT28" is undefined
main.c(50): error:  #20: identifier "BIT29" is undefined
main.c(50): warning:  #61-D: integer operation result is out of range
main.c(75): warning:  #177-D: variable "tankX" was declared but never referenced
main.c(76): warning:  #177-D: variable "tankY" was declared but never referenced
main.c(139): warning:  #186-D: pointless comparison of unsigned integer with zero
main.c(143): error:  #20: identifier "BIT28" is undefined
main.c(143): error:  #20: identifier "BIT29" is undefined
main.c(143): warning:  #61-D: integer operation result is out of range
main.c(174): warning:  #1-D: last line of file ends without a newline
main.c(168): warning:  #177-D: variable "i" was declared but never referenced
Target not created
Build target 'Target 1'
compiling main.c...
main.c(28): warning:  #47-D: incompatible redefinition of macro "BIT29" (declared at line 27)
main.c(54): warning:  #61-D: integer operation result is out of range
main.c(79): warning:  #177-D: variable "tankX" was declared but never referenced
main.c(80): warning:  #177-D: variable "tankY" was declared but never referenced
main.c(143): warning:  #186-D: pointless comparison of unsigned integer with zero
main.c(147): warning:  #61-D: integer operation result is out of range
main.c(178): warning:  #1-D: last line of file ends without a newline
main.c(172): warning:  #177-D: variable "i" was declared but never referenced
linking...
Program Size: Code=5840 RO-data=6656 RW-data=56 ZI-data=8320  
"MinefieldGame.axf" - 0 Error(s), 8 Warning(s).
Build target 'Target 1'
compiling main.c...
main.c(54): warning:  #61-D: integer operation result is out of range
main.c(79): warning:  #177-D: variable "tankX" was declared but never referenced
main.c(80): warning:  #177-D: variable "tankY" was declared but never referenced
main.c(143): warning:  #186-D: pointless comparison of unsigned integer with zero
main.c(147): warning:  #61-D: integer operation result is out of range
main.c(178): warning:  #1-D: last line of file ends without a newline
main.c(172): warning:  #177-D: variable "i" was declared but never referenced
linking...
Program Size: Code=5840 RO-data=6656 RW-data=56 ZI-data=8320  
"MinefieldGame.axf" - 0 Error(s), 7 Warning(s).
Build target 'Target 1'
linking...
Program Size: Code=5840 RO-data=6656 RW-data=56 ZI-data=8320  
"MinefieldGame.axf" - 0 Error(s), 0 Warning(s).
Build target 'Target 1'
compiling main.c...
main.c(54): warning:  #61-D: integer operation result is out of range
main.c(89): warning:  #223-D: function "GLCD_RemovePixel" declared implicitly
main.c(97): warning:  #177-D: variable "tankX" was declared but never referenced
main.c(98): warning:  #177-D: variable "tankY" was declared but never referenced
main.c(161): warning:  #186-D: pointless comparison of unsigned integer with zero
main.c(165): warning:  #61-D: integer operation result is out of range
main.c(196): warning:  #1-D: last line of file ends without a newline
main.c(190): warning:  #177-D: variable "i" was declared but never referenced
linking...
Program Size: Code=5896 RO-data=6656 RW-data=56 ZI-data=8320  
"MinefieldGame.axf" - 0 Error(s), 8 Warning(s).
Build target 'Target 1'
compiling main.c...
main.c(54): warning:  #61-D: integer operation result is out of range
main.c(89): warning:  #223-D: function "GLCD_RemovePixel" declared implicitly
main.c(161): warning:  #186-D: pointless comparison of unsigned integer with zero
main.c(165): warning:  #61-D: integer operation result is out of range
main.c(196): warning:  #1-D: last line of file ends without a newline
main.c(190): warning:  #177-D: variable "i" was declared but never referenced
linking...
Program Size: Code=5520 RO-data=6628 RW-data=44 ZI-data=8324  
"MinefieldGame.axf" - 0 Error(s), 6 Warning(s).
Build target 'Target 1'
compiling main.c...
main.c(54): warning:  #61-D: integer operation result is out of range
main.c(161): warning:  #186-D: pointless comparison of unsigned integer with zero
main.c(165): warning:  #61-D: integer operation result is out of range
main.c(196): warning:  #1-D: last line of file ends without a newline
main.c(190): warning:  #177-D: variable "i" was declared but never referenced
linking...
Program Size: Code=5458 RO-data=6630 RW-data=44 ZI-data=8324  
"MinefieldGame.axf" - 0 Error(s), 5 Warning(s).
Build target 'Target 1'
compiling main.c...
main.c(54): warning:  #61-D: integer operation result is out of range
main.c(161): warning:  #186-D: pointless comparison of unsigned integer with zero
main.c(165): warning:  #61-D: integer operation result is out of range
main.c(196): warning:  #1-D: last line of file ends without a newline
linking...
Program Size: Code=5456 RO-data=6628 RW-data=44 ZI-data=8324  
"MinefieldGame.axf" - 0 Error(s), 4 Warning(s).
Load "N:\\GitProjects\\Git\\MineField\\src\\MinefieldGame.AXF" 
Erase Done.
Programming Done.
Verify OK.
Build target 'Target 1'
compiling main.c...
main.c(54): warning:  #61-D: integer operation result is out of range
main.c(89): warning:  #223-D: function "GLCD_RemovePixel" declared implicitly
main.c(161): warning:  #186-D: pointless comparison of unsigned integer with zero
main.c(165): warning:  #61-D: integer operation result is out of range
main.c(196): warning:  #1-D: last line of file ends without a newline
linking...
Program Size: Code=5520 RO-data=6628 RW-data=44 ZI-data=8324  
"MinefieldGame.axf" - 0 Error(s), 5 Warning(s).
Build target 'Target 1'
linking...
Program Size: Code=5520 RO-data=6628 RW-data=44 ZI-data=8324  
"MinefieldGame.axf" - 0 Error(s), 0 Warning(s).
Build target 'Target 1'
linking...
Program Size: Code=5520 RO-data=6628 RW-data=44 ZI-data=8324  
"MinefieldGame.axf" - 0 Error(s), 0 Warning(s).
Load "N:\\GitProjects\\Git\\MineField\\src\\MinefieldGame.AXF" 
Erase Done.
Programming Done.
Verify OK.
Build target 'Target 1'
compiling main.c...
main.c(54): warning:  #61-D: integer operation result is out of range
main.c(89): warning:  #223-D: function "GLCD_RemovePixel" declared implicitly
main.c(161): warning:  #186-D: pointless comparison of unsigned integer with zero
main.c(165): warning:  #61-D: integer operation result is out of range
main.c(197): warning:  #1-D: last line of file ends without a newline
linking...
Program Size: Code=5528 RO-data=6628 RW-data=44 ZI-data=8324  
"MinefieldGame.axf" - 0 Error(s), 5 Warning(s).
Load "N:\\GitProjects\\Git\\MineField\\src\\MinefieldGame.AXF" 
Erase Done.
Programming Done.
Verify OK.
Build target 'Target 1'
compiling main.c...
main.c(54): warning:  #61-D: integer operation result is out of range
main.c(89): warning:  #223-D: function "GLCD_RemovePixel" declared implicitly
main.c(174): warning:  #186-D: pointless comparison of unsigned integer with zero
main.c(178): warning:  #61-D: integer operation result is out of range
main.c(208): warning:  #1-D: last line of file ends without a newline
linking...
Program Size: Code=5916 RO-data=6656 RW-data=56 ZI-data=8320  
"MinefieldGame.axf" - 0 Error(s), 5 Warning(s).
Build target 'Target 1'
linking...
Program Size: Code=5916 RO-data=6656 RW-data=56 ZI-data=8320  
"MinefieldGame.axf" - 0 Error(s), 0 Warning(s).
Load "N:\\GitProjects\\Git\\MineField\\src\\MinefieldGame.AXF" 
Erase Done.
Programming Done.
Verify OK.
Load "N:\\GitProjects\\Git\\MineField\\src\\MinefieldGame.AXF" 
Erase Done.
Programming Done.
Verify OK.
